<html>
<body>
<pre>
<h1>µVision Build Log</h1>
<h2>Project:</h2>
C:\Users\Michael Rios\Desktop\Robot-Car\RobotCar.uvproj
Project File Date:  11/27/2017

<h2>Output:</h2>
Rebuild target 'RobotCar'
assembling startup.s...
compiling ADCSWTrigger.c...
compiling PLL.c...
compiling Nokia5110.c...
compiling PWM.c...
compiling main.c...
linking...
Program Size: Code=5928 RO-data=512 RW-data=56 ZI-data=1120  
".\RobotCar.axf" - 0 Error(s), 0 Warning(s).
Clean started: Project: 'RobotCar'
   deleting intermediate output files for target 'RobotCar'
</pre>
</body>
</html>
